============================= test session starts =============================
platform win32 -- Python 3.13.7, pytest-8.4.2, pluggy-1.6.0
rootdir: C:\Users\julch\Desktop\ANTIGRAVITY\Repos Github - Copie\mem4ristor-v2
plugins: anyio-4.9.0
collected 6 items

tests\test_kernel.py .FF...                                              [100%]

================================== FAILURES ===================================
_____________________________ test_repulsive_flip _____________________________

    def test_repulsive_flip():
        """Verify that coupling becomes repulsive when doubt u > 0.5."""
        cfg = {
            'dynamics': {'a': 0.7, 'b': 0.8, 'epsilon': 0.08, 'alpha': 0.15, 'v_cubic_divisor': 4.0, 'dt': 0.1},
            'coupling': {'D': 1.0, 'heretic_ratio': 0.0},
            'doubt': {'epsilon_u': 0.0, 'k_u': 1.0, 'sigma_baseline': 0.8, 'u_clamp': [0.0, 1.0], 'tau_u': 1.0},
            'noise': {'sigma_v': 0.0}
        }
>       model = Mem4ristorV2(config=cfg, seed=42)
                ^^^^^^^^^^^^^^^^^^^^^^^^^^^^^^^^^

tests\test_kernel.py:32: 
_ _ _ _ _ _ _ _ _ _ _ _ _ _ _ _ _ _ _ _ _ _ _ _ _ _ _ _ _ _ _ _ _ _ _ _ _ _ _ _
src\mem4ristor\core.py:70: in __init__
    self._initialize_params()
_ _ _ _ _ _ _ _ _ _ _ _ _ _ _ _ _ _ _ _ _ _ _ _ _ _ _ _ _ _ _ _ _ _ _ _ _ _ _ _

self = <mem4ristor.core.Mem4ristorV2 object at 0x0000022AFA84FED0>, N = 100
cold_start = False

    def _initialize_params(self, N=100, cold_start=False):
        self.N = N
        if cold_start:
            self.v = np.zeros(self.N)
            self.w = np.zeros(self.N)
        else:
            self.v = self.rng.uniform(-1.5, 1.5, self.N)
            self.w = self.rng.uniform(0.0, 1.0, self.N)
    
        self.u = np.full(self.N, self.cfg['doubt']['sigma_baseline'])
    
        # Anti-Clustering Placement (Kimi v2.6 P1)
        if self.cfg['coupling'].get('uniform_placement', True):
            # Stratified placement: 1 heretic per block of size 1/ratio
>           step = int(1.0 / self.cfg['coupling']['heretic_ratio'])
                       ^^^^^^^^^^^^^^^^^^^^^^^^^^^^^^^^^^^^^^^^^^^
E           ZeroDivisionError: float division by zero

src\mem4ristor\core.py:86: ZeroDivisionError
______________________________ test_snr_validity ______________________________

    def test_snr_validity():
        """Verify that the repulsive interaction is stronger than the noise floor."""
        cfg = {
            'dynamics': {'a': 0.7, 'b': 0.8, 'epsilon': 0.08, 'alpha': 0.15, 'v_cubic_divisor': 4.0, 'dt': 0.1},
            'coupling': {'D': 0.5, 'heretic_ratio': 0.0},
            'doubt': {'epsilon_u': 0.0, 'k_u': 1.0, 'sigma_baseline': 0.8, 'u_clamp': [0.0, 1.0], 'tau_u': 1.0},
            'noise': {'sigma_v': 0.02}
        }
>       model = Mem4ristorV2(config=cfg, seed=42)
                ^^^^^^^^^^^^^^^^^^^^^^^^^^^^^^^^^

tests\test_kernel.py:49: 
_ _ _ _ _ _ _ _ _ _ _ _ _ _ _ _ _ _ _ _ _ _ _ _ _ _ _ _ _ _ _ _ _ _ _ _ _ _ _ _
src\mem4ristor\core.py:70: in __init__
    self._initialize_params()
_ _ _ _ _ _ _ _ _ _ _ _ _ _ _ _ _ _ _ _ _ _ _ _ _ _ _ _ _ _ _ _ _ _ _ _ _ _ _ _

self = <mem4ristor.core.Mem4ristorV2 object at 0x0000022AFAAD8410>, N = 100
cold_start = False

    def _initialize_params(self, N=100, cold_start=False):
        self.N = N
        if cold_start:
            self.v = np.zeros(self.N)
            self.w = np.zeros(self.N)
        else:
            self.v = self.rng.uniform(-1.5, 1.5, self.N)
            self.w = self.rng.uniform(0.0, 1.0, self.N)
    
        self.u = np.full(self.N, self.cfg['doubt']['sigma_baseline'])
    
        # Anti-Clustering Placement (Kimi v2.6 P1)
        if self.cfg['coupling'].get('uniform_placement', True):
            # Stratified placement: 1 heretic per block of size 1/ratio
>           step = int(1.0 / self.cfg['coupling']['heretic_ratio'])
                       ^^^^^^^^^^^^^^^^^^^^^^^^^^^^^^^^^^^^^^^^^^^
E           ZeroDivisionError: float division by zero

src\mem4ristor\core.py:86: ZeroDivisionError
=========================== short test summary info ===========================
FAILED tests/test_kernel.py::test_repulsive_flip - ZeroDivisionError: float d...
FAILED tests/test_kernel.py::test_snr_validity - ZeroDivisionError: float div...
========================= 2 failed, 4 passed in 1.21s =========================
